[Path: /some/path]
[package-1]
 Version:	 1.0.1
 Type:		 deb
 Found by:	 

[package-2]
 Version:	 2.0.1
 Type:		 deb
 Found by:	 

